[kd_data] merged daily: 1926-07-01 -> 2026-04-30, n=26,233
MC: 20,000 paths x 6,569 days (25y at 262.78 days/yr)
  mkt X=0    block20       f_base=2.62 f_stressed=2.62  [58s]
  mkt X=0    iid           f_base=2.62 f_stressed=2.62  [115s]
  mkt X=0    block60       f_base=2.62 f_stressed=2.62  [171s]
  mkt X=0    block20_cost  f_base=2.62 f_stressed=2.62  [225s]
  mkt X=10   block20       f_base=2.62 f_stressed=2.35  [281s]
  mkt X=50   block20       f_base=2.62 f_stressed=1.56  [335s]
  mkt X=50   iid           f_base=2.62 f_stressed=1.56  [394s]
  mkt X=50   block60       f_base=2.62 f_stressed=1.56  [452s]
  mkt X=50   block20_cost  f_base=2.62 f_stressed=1.56  [505s]
  mkt X=200  block20       f_base=2.62 f_stressed=0.00  [559s]
  scv X=0    block20       f_base=2.78 f_stressed=2.78  [605s]
  scv X=0    iid           f_base=2.78 f_stressed=2.78  [652s]
  scv X=0    block60       f_base=2.78 f_stressed=2.78  [701s]
  scv X=0    block20_cost  f_base=2.78 f_stressed=2.78  [756s]
  scv X=10   block20       f_base=2.78 f_stressed=2.56  [807s]
  scv X=50   block20       f_base=2.78 f_stressed=1.96  [869s]
  scv X=50   iid           f_base=2.78 f_stressed=1.96  [925s]
  scv X=50   block60       f_base=2.78 f_stressed=1.96  [974s]
  scv X=50   block20_cost  f_base=2.78 f_stressed=1.96  [1030s]
  scv X=200  block20       f_base=2.78 f_stressed=0.10  [1080s]

======================================================================================================================
PHASE 9 -- MONTE CARLO, 25-YEAR PATHS, block-20 bootstrap (20,000 sims, seed 4242)
======================================================================================================================

### Broad market -- leverage sized on the FULL history (not re-estimated)
    X   frac      f  medCAGR   p5CAGR     medTW     p5TW     p1TW   medMDD  P(loss) P(<Tbill) P(DD<-50) P(DD<-90)  P(ruin)
    0   0.25   0.65    8.10%    3.90%       7.0     2.60     1.72   -29.5%     0.1%      2.8%      1.9%      0.0%    0.00%
    0   0.50   1.31   11.77%    3.18%      16.2     2.19     0.94   -55.3%     1.2%      5.2%     68.0%      0.1%    0.00%
    0   0.75   1.96   14.04%    0.94%      26.7     1.26     0.35   -73.6%     3.9%      9.0%     98.4%      7.2%    0.00%
    0   1.00   2.62   14.81%   -2.72%      31.6     0.50     0.09   -85.7%     8.6%     14.4%    100.0%     32.9%    0.07%
    0   1.25   3.27   13.98%   -7.69%      26.3     0.14     0.01   -93.0%    15.2%     21.5%    100.0%     64.8%    0.76%
    0   1.50   3.92   11.61%  -13.87%      15.6     0.02     0.00   -97.0%    23.9%     30.4%    100.0%     86.5%    3.12%
   10   0.25   0.65    7.43%    2.92%       6.0     2.05     1.32   -32.1%     0.3%      6.1%      4.9%      0.0%    0.00%
   10   0.50   1.31   10.45%    1.26%      12.0     1.37     0.56   -58.9%     2.9%      9.8%     76.7%      0.6%    0.00%
   10   0.75   1.96   12.11%   -1.75%      17.4     0.64     0.16   -77.1%     7.6%     14.6%     98.9%     13.5%    0.01%
   10   1.00   2.62   12.31%   -6.10%      18.2     0.21     0.03   -88.4%    13.9%     21.4%    100.0%     43.4%    0.33%
   10   1.25   3.27   10.96%  -11.60%      13.5     0.05     0.00   -94.7%    22.0%     29.4%    100.0%     72.9%    1.90%
   10   1.50   3.92    8.10%  -18.15%       7.0     0.01     0.00   -97.9%    31.7%     38.6%    100.0%     90.2%    5.93%
   50   0.25   0.65    5.64%    0.96%       3.9     1.27     0.81   -36.8%     2.2%     19.2%     14.6%      0.0%    0.00%
   50   0.50   1.31    6.86%   -2.52%       5.2     0.53     0.21   -65.8%    11.2%     25.9%     87.4%      3.4%    0.00%
   50   0.75   1.96    6.78%   -7.15%       5.2     0.16     0.04   -83.2%    21.3%     33.8%     99.5%     28.1%    0.19%
   50   1.00   2.62    5.39%  -12.84%       3.7     0.03     0.00   -92.7%    31.8%     42.5%    100.0%     61.6%    1.96%
   50   1.25   3.27    2.70%  -19.37%       1.9     0.00     0.00   -97.3%    42.6%     51.3%    100.0%     84.7%    7.41%
   50   1.50   3.92   -1.31%  -26.64%       0.7     0.00     0.00   -99.2%    53.0%     60.5%    100.0%     94.8%   16.45%
  200   0.25   0.65    1.60%   -3.38%       1.5     0.42     0.24   -49.4%    29.7%     71.2%     48.6%      0.2%    0.00%
  200   0.50   1.31   -1.05%  -10.63%       0.8     0.06     0.02   -82.0%    57.2%     77.5%     98.1%     27.0%    0.34%
  200   0.75   1.96   -4.71%  -18.37%       0.3     0.01     0.00   -94.9%    71.2%     82.8%    100.0%     69.3%    7.24%
  200   1.00   2.62   -9.30%  -26.43%       0.1     0.00     0.00   -98.8%    80.5%     87.2%    100.0%     90.5%   24.70%
  200   1.25   3.27  -14.69%  -34.66%       0.0     0.00     0.00   -99.8%    86.5%     90.8%    100.0%     97.5%   43.59%
  200   1.50   3.92  -20.80%  -42.89%       0.0     0.00     0.00  -100.0%    90.8%     93.5%    100.0%     99.4%   60.42%

### Broad market -- leverage sized on the STRESSED sample (re-estimated)
    X   frac      f  medCAGR   p5CAGR     medTW     p5TW     p1TW   medMDD  P(loss) P(<Tbill) P(DD<-50) P(DD<-90)  P(ruin)
    0   0.25   0.65    8.10%    3.90%       7.0     2.60     1.72   -29.5%     0.1%      2.8%      1.9%      0.0%    0.00%
    0   0.50   1.31   11.77%    3.18%      16.2     2.19     0.94   -55.3%     1.2%      5.2%     68.0%      0.1%    0.00%
    0   0.75   1.96   14.04%    0.94%      26.7     1.26     0.35   -73.6%     3.9%      9.0%     98.4%      7.2%    0.00%
    0   1.00   2.62   14.81%   -2.72%      31.6     0.50     0.09   -85.7%     8.6%     14.4%    100.0%     32.9%    0.07%
    0   1.25   3.27   13.98%   -7.69%      26.3     0.14     0.01   -93.0%    15.2%     21.5%    100.0%     64.8%    0.76%
    0   1.50   3.92   11.61%  -13.87%      15.6     0.02     0.00   -97.0%    23.9%     30.4%    100.0%     86.5%    3.12%
   10   0.25   0.59    7.05%    3.00%       5.5     2.09     1.41   -28.9%     0.2%      5.8%      2.1%      0.0%    0.00%
   10   0.50   1.18    9.94%    1.70%      10.7     1.52     0.69   -54.2%     2.2%      8.9%     64.0%      0.2%    0.00%
   10   0.75   1.76   11.75%   -0.68%      16.1     0.84     0.25   -72.4%     6.1%     13.0%     97.0%      7.2%    0.01%
   10   1.00   2.35   12.41%   -4.18%      18.6     0.34     0.07   -84.5%    11.2%     18.5%     99.9%     30.0%    0.12%
   10   1.25   2.94   11.84%   -8.70%      16.4     0.10     0.01   -92.0%    17.6%     25.1%    100.0%     59.3%    0.86%
   10   1.50   3.53   10.02%  -14.06%      10.9     0.02     0.00   -96.3%    25.7%     32.9%    100.0%     81.4%    3.08%
   50   0.25   0.39    4.80%    2.00%       3.2     1.64     1.25   -21.7%     0.2%     16.7%      0.2%      0.0%    0.00%
   50   0.50   0.78    5.98%    0.37%       4.3     1.10     0.64   -43.4%     3.9%     20.4%     30.6%      0.0%    0.00%
   50   0.75   1.17    6.71%   -1.71%       5.1     0.65     0.29   -60.8%     9.4%     24.4%     78.5%      1.5%    0.00%
   50   1.00   1.56    6.98%   -4.20%       5.4     0.34     0.11   -73.8%    15.2%     28.9%     96.0%     10.3%    0.01%
   50   1.25   1.96    6.79%   -7.11%       5.2     0.16     0.04   -83.1%    21.2%     33.7%     99.4%     27.7%    0.18%
   50   1.50   2.35    6.11%  -10.37%       4.4     0.06     0.01   -89.6%    27.3%     38.8%     99.9%     48.3%    0.85%
  200   0.25   0.00    3.20%    2.91%       2.2     2.05     1.99    -0.0%     0.0%    100.0%      0.0%      0.0%    0.00%
  200   0.50   0.00    3.20%    2.91%       2.2     2.05     1.99    -0.0%     0.0%    100.0%      0.0%      0.0%    0.00%
  200   0.75   0.00    3.20%    2.91%       2.2     2.05     1.99    -0.0%     0.0%    100.0%      0.0%      0.0%    0.00%
  200   1.00   0.00    3.20%    2.91%       2.2     2.05     1.99    -0.0%     0.0%     99.5%      0.0%      0.0%    0.00%
  200   1.25   0.00    3.20%    2.91%       2.2     2.05     1.99    -0.0%     0.0%     98.0%      0.0%      0.0%    0.00%
  200   1.50   0.00    3.20%    2.91%       2.2     2.05     1.99    -0.0%     0.0%     96.0%      0.0%      0.0%    0.00%

### Small-cap value -- leverage sized on the FULL history (not re-estimated)
    X   frac      f  medCAGR   p5CAGR     medTW     p5TW     p1TW   medMDD  P(loss) P(<Tbill) P(DD<-50) P(DD<-90)  P(ruin)
    0   0.25   0.70   11.33%    4.80%      14.6     3.23     1.66   -40.5%     0.2%      1.9%     19.0%      0.0%    0.00%
    0   0.50   1.39   17.60%    4.11%      57.6     2.74     0.71   -69.2%     1.5%      3.9%     96.6%      3.6%    0.00%
    0   0.75   2.09   21.55%    1.04%     131.5     1.30     0.16   -85.6%     4.1%      7.3%    100.0%     32.0%    0.05%
    0   1.00   2.78   22.94%   -4.31%     174.8     0.33     0.02   -94.1%     8.9%     12.3%    100.0%     72.4%    0.61%
    0   1.25   3.48   21.53%  -11.69%     130.9     0.04     0.00   -98.0%    15.5%     19.9%    100.0%     93.4%    2.62%
    0   1.50   4.17   17.32%  -20.74%      54.2     0.00     0.00   -99.5%    24.7%     29.0%    100.0%     99.0%    7.49%
   10   0.25   0.70   10.27%    3.74%      11.5     2.50     1.29   -42.2%     0.5%      3.8%     24.6%      0.0%    0.00%
   10   0.50   1.39   15.46%    2.06%      36.4     1.67     0.43   -71.4%     2.9%      6.8%     97.2%      5.4%    0.00%
   10   0.75   2.09   18.41%   -1.84%      68.4     0.63     0.08   -87.4%     6.9%     11.4%    100.0%     39.0%    0.11%
   10   1.00   2.78   18.90%   -7.87%      75.8     0.13     0.01   -95.2%    13.1%     17.8%    100.0%     77.0%    1.15%
   10   1.25   3.48   16.69%  -15.64%      47.4     0.01     0.00   -98.5%    21.1%     26.2%    100.0%     94.8%    4.35%
   10   1.50   4.17   11.97%  -24.74%      16.9     0.00     0.00   -99.6%    31.5%     36.2%    100.0%     99.2%   10.83%
   50   0.25   0.70    8.14%    1.59%       7.1     1.48     0.74   -46.3%     2.1%     10.9%     38.7%      0.0%    0.00%
   50   0.50   1.39   11.16%   -2.05%      14.1     0.60     0.15   -76.2%     8.5%     16.7%     98.7%     12.2%    0.03%
   50   0.75   2.09   12.02%   -7.62%      17.1     0.14     0.02   -90.8%    16.7%     24.0%    100.0%     53.6%    0.65%
   50   1.00   2.78   10.64%  -14.95%      12.5     0.02     0.00   -97.0%    26.1%     33.1%    100.0%     85.3%    3.74%
   50   1.25   3.48    6.91%  -23.49%       5.3     0.00     0.00   -99.2%    37.1%     43.0%    100.0%     97.3%   10.95%
   50   1.50   4.17    1.03%  -32.98%       1.3     0.00     0.00   -99.9%    48.3%     53.6%    100.0%     99.6%   21.82%
  200   0.25   0.70    2.68%   -4.11%       1.9     0.35     0.17   -59.4%    25.6%     55.1%     73.2%      1.5%    0.00%
  200   0.50   1.39    0.38%  -12.65%       1.1     0.03     0.01   -88.6%    48.2%     63.9%     99.8%     45.2%    1.35%
  200   0.75   2.09   -3.65%  -22.11%       0.4     0.00     0.00   -97.6%    62.1%     71.8%    100.0%     84.5%   12.34%
  200   1.00   2.78   -9.27%  -31.99%       0.1     0.00     0.00   -99.6%    72.6%     78.8%    100.0%     97.1%   30.34%
  200   1.25   3.48  -16.27%  -42.13%       0.0     0.00     0.00  -100.0%    80.7%     84.7%    100.0%     99.6%   48.80%
  200   1.50   4.17  -24.38%  -52.01%       0.0     0.00     0.00  -100.0%    86.8%     89.5%    100.0%    100.0%   64.53%

### Small-cap value -- leverage sized on the STRESSED sample (re-estimated)
    X   frac      f  medCAGR   p5CAGR     medTW     p5TW     p1TW   medMDD  P(loss) P(<Tbill) P(DD<-50) P(DD<-90)  P(ruin)
    0   0.25   0.70   11.33%    4.80%      14.6     3.23     1.66   -40.5%     0.2%      1.9%     19.0%      0.0%    0.00%
    0   0.50   1.39   17.60%    4.11%      57.6     2.74     0.71   -69.2%     1.5%      3.9%     96.6%      3.6%    0.00%
    0   0.75   2.09   21.55%    1.04%     131.5     1.30     0.16   -85.6%     4.1%      7.3%    100.0%     32.0%    0.05%
    0   1.00   2.78   22.94%   -4.31%     174.8     0.33     0.02   -94.1%     8.9%     12.3%    100.0%     72.4%    0.61%
    0   1.25   3.48   21.53%  -11.69%     130.9     0.04     0.00   -98.0%    15.5%     19.9%    100.0%     93.4%    2.62%
    0   1.50   4.17   17.32%  -20.74%      54.2     0.00     0.00   -99.5%    24.7%     29.0%    100.0%     99.0%    7.49%
   10   0.25   0.64    9.76%    3.78%      10.3     2.53     1.38   -39.1%     0.3%      3.6%     16.0%      0.0%    0.00%
   10   0.50   1.28   14.77%    2.48%      31.3     1.84     0.53   -67.7%     2.4%      6.2%     94.1%      3.0%    0.00%
   10   0.75   1.92   17.92%   -0.65%      61.6     0.85     0.13   -84.4%     5.8%     10.1%    100.0%     28.5%    0.02%
   10   1.00   2.56   19.00%   -5.68%      77.4     0.23     0.02   -93.3%    10.8%     15.6%    100.0%     66.8%    0.66%
   10   1.25   3.19   17.89%  -12.29%      61.2     0.04     0.00   -97.5%    17.6%     22.4%    100.0%     89.8%    2.77%
   10   1.50   3.83   14.58%  -20.20%      30.0     0.00     0.00   -99.3%    26.2%     31.1%    100.0%     97.8%    7.27%
   50   0.25   0.49    6.87%    2.27%       5.3     1.75     1.08   -33.7%     0.8%      9.5%      7.7%      0.0%    0.00%
   50   0.50   0.98    9.63%    0.34%      10.0     1.09     0.40   -61.0%     4.4%     13.0%     81.0%      1.1%    0.00%
   50   0.75   1.47   11.38%   -2.61%      14.8     0.52     0.12   -78.5%     9.4%     17.5%     99.3%     16.2%    0.03%
   50   1.00   1.96   12.03%   -6.53%      17.1     0.19     0.02   -89.0%    15.2%     22.6%    100.0%     46.0%    0.41%
   50   1.25   2.45   11.59%  -11.32%      15.5     0.05     0.00   -94.8%    21.5%     28.7%    100.0%     73.2%    1.93%
   50   1.50   2.94    9.99%  -16.86%      10.8     0.01     0.00   -97.8%    28.7%     35.4%    100.0%     89.9%    5.01%
  200   0.25   0.02    3.22%    2.83%       2.2     2.01     1.93    -1.4%     0.0%     46.8%      0.0%      0.0%    0.00%
  200   0.50   0.05    3.22%    2.65%       2.2     1.92     1.81    -3.1%     0.0%     47.0%      0.0%      0.0%    0.00%
  200   0.75   0.07    3.23%    2.43%       2.2     1.82     1.68    -5.0%     0.0%     47.3%      0.0%      0.0%    0.00%
  200   1.00   0.10    3.24%    2.21%       2.2     1.73     1.55    -7.1%     0.0%     47.6%      0.0%      0.0%    0.00%
  200   1.25   0.12    3.25%    1.97%       2.2     1.63     1.43    -9.2%     0.0%     48.0%      0.0%      0.0%    0.00%
  200   1.50   0.15    3.25%    1.74%       2.2     1.54     1.32   -11.5%     0.0%     48.3%      0.0%      0.0%    0.00%

Wrote C:\Python Datoteke\SCV_leverage_analysis\kelly_bestdays\phase79_montecarlo.csv  (280 rows) and phase79_terminal_wealth.npz   total 1081s
